// Jest Snapshot v1, https://goo.gl/fbAQLP

exports[`slate-react проверяем выделение текста и применение свойств Slate 1`] = `null`;
